Archive member included to satisfy reference by file (symbol)

C:/ST/STM32CubeIDE_1.16.1/STM32CubeIDE/plugins/com.st.stm32cube.ide.mcu.externaltools.gnu-tools-for-stm32.13.3.rel1.win32_1.0.0.202411081344/tools/bin/../lib/gcc/arm-none-eabi/13.3.1/../../../../arm-none-eabi/lib/thumb/v7e-m+fp/hard\libc_nano.a(libc_a-exit.o)
                              C:/ST/STM32CubeIDE_1.16.1/STM32CubeIDE/plugins/com.st.stm32cube.ide.mcu.externaltools.gnu-tools-for-stm32.13.3.rel1.win32_1.0.0.202411081344/tools/bin/../lib/gcc/arm-none-eabi/13.3.1/../../../../arm-none-eabi/lib/thumb/v7e-m+fp/hard/crt0.o (exit)
C:/ST/STM32CubeIDE_1.16.1/STM32CubeIDE/plugins/com.st.stm32cube.ide.mcu.externaltools.gnu-tools-for-stm32.13.3.rel1.win32_1.0.0.202411081344/tools/bin/../lib/gcc/arm-none-eabi/13.3.1/../../../../arm-none-eabi/lib/thumb/v7e-m+fp/hard\libc_nano.a(libc_a-findfp.o)
                              C:/ST/STM32CubeIDE_1.16.1/STM32CubeIDE/plugins/com.st.stm32cube.ide.mcu.externaltools.gnu-tools-for-stm32.13.3.rel1.win32_1.0.0.202411081344/tools/bin/../lib/gcc/arm-none-eabi/13.3.1/../../../../arm-none-eabi/lib/thumb/v7e-m+fp/hard\libc_nano.a(libc_a-exit.o) (__stdio_exit_handler)
C:/ST/STM32CubeIDE_1.16.1/STM32CubeIDE/plugins/com.st.stm32cube.ide.mcu.externaltools.gnu-tools-for-stm32.13.3.rel1.win32_1.0.0.202411081344/tools/bin/../lib/gcc/arm-none-eabi/13.3.1/../../../../arm-none-eabi/lib/thumb/v7e-m+fp/hard\libc_nano.a(libc_a-fwalk.o)
                              C:/ST/STM32CubeIDE_1.16.1/STM32CubeIDE/plugins/com.st.stm32cube.ide.mcu.externaltools.gnu-tools-for-stm32.13.3.rel1.win32_1.0.0.202411081344/tools/bin/../lib/gcc/arm-none-eabi/13.3.1/../../../../arm-none-eabi/lib/thumb/v7e-m+fp/hard\libc_nano.a(libc_a-findfp.o) (_fwalk_sglue)
C:/ST/STM32CubeIDE_1.16.1/STM32CubeIDE/plugins/com.st.stm32cube.ide.mcu.externaltools.gnu-tools-for-stm32.13.3.rel1.win32_1.0.0.202411081344/tools/bin/../lib/gcc/arm-none-eabi/13.3.1/../../../../arm-none-eabi/lib/thumb/v7e-m+fp/hard\libc_nano.a(libc_a-stdio.o)
                              C:/ST/STM32CubeIDE_1.16.1/STM32CubeIDE/plugins/com.st.stm32cube.ide.mcu.externaltools.gnu-tools-for-stm32.13.3.rel1.win32_1.0.0.202411081344/tools/bin/../lib/gcc/arm-none-eabi/13.3.1/../../../../arm-none-eabi/lib/thumb/v7e-m+fp/hard\libc_nano.a(libc_a-findfp.o) (__sread)
C:/ST/STM32CubeIDE_1.16.1/STM32CubeIDE/plugins/com.st.stm32cube.ide.mcu.externaltools.gnu-tools-for-stm32.13.3.rel1.win32_1.0.0.202411081344/tools/bin/../lib/gcc/arm-none-eabi/13.3.1/../../../../arm-none-eabi/lib/thumb/v7e-m+fp/hard\libc_nano.a(libc_a-memset.o)
                              C:/ST/STM32CubeIDE_1.16.1/STM32CubeIDE/plugins/com.st.stm32cube.ide.mcu.externaltools.gnu-tools-for-stm32.13.3.rel1.win32_1.0.0.202411081344/tools/bin/../lib/gcc/arm-none-eabi/13.3.1/../../../../arm-none-eabi/lib/thumb/v7e-m+fp/hard/crt0.o (memset)
C:/ST/STM32CubeIDE_1.16.1/STM32CubeIDE/plugins/com.st.stm32cube.ide.mcu.externaltools.gnu-tools-for-stm32.13.3.rel1.win32_1.0.0.202411081344/tools/bin/../lib/gcc/arm-none-eabi/13.3.1/../../../../arm-none-eabi/lib/thumb/v7e-m+fp/hard\libc_nano.a(libc_a-closer.o)
                              C:/ST/STM32CubeIDE_1.16.1/STM32CubeIDE/plugins/com.st.stm32cube.ide.mcu.externaltools.gnu-tools-for-stm32.13.3.rel1.win32_1.0.0.202411081344/tools/bin/../lib/gcc/arm-none-eabi/13.3.1/../../../../arm-none-eabi/lib/thumb/v7e-m+fp/hard\libc_nano.a(libc_a-stdio.o) (_close_r)
C:/ST/STM32CubeIDE_1.16.1/STM32CubeIDE/plugins/com.st.stm32cube.ide.mcu.externaltools.gnu-tools-for-stm32.13.3.rel1.win32_1.0.0.202411081344/tools/bin/../lib/gcc/arm-none-eabi/13.3.1/../../../../arm-none-eabi/lib/thumb/v7e-m+fp/hard\libc_nano.a(libc_a-reent.o)
                              C:/ST/STM32CubeIDE_1.16.1/STM32CubeIDE/plugins/com.st.stm32cube.ide.mcu.externaltools.gnu-tools-for-stm32.13.3.rel1.win32_1.0.0.202411081344/tools/bin/../lib/gcc/arm-none-eabi/13.3.1/../../../../arm-none-eabi/lib/thumb/v7e-m+fp/hard\libc_nano.a(libc_a-closer.o) (errno)
C:/ST/STM32CubeIDE_1.16.1/STM32CubeIDE/plugins/com.st.stm32cube.ide.mcu.externaltools.gnu-tools-for-stm32.13.3.rel1.win32_1.0.0.202411081344/tools/bin/../lib/gcc/arm-none-eabi/13.3.1/../../../../arm-none-eabi/lib/thumb/v7e-m+fp/hard\libc_nano.a(libc_a-impure.o)
                              C:/ST/STM32CubeIDE_1.16.1/STM32CubeIDE/plugins/com.st.stm32cube.ide.mcu.externaltools.gnu-tools-for-stm32.13.3.rel1.win32_1.0.0.202411081344/tools/bin/../lib/gcc/arm-none-eabi/13.3.1/../../../../arm-none-eabi/lib/thumb/v7e-m+fp/hard\libc_nano.a(libc_a-reent.o) (_impure_ptr)
C:/ST/STM32CubeIDE_1.16.1/STM32CubeIDE/plugins/com.st.stm32cube.ide.mcu.externaltools.gnu-tools-for-stm32.13.3.rel1.win32_1.0.0.202411081344/tools/bin/../lib/gcc/arm-none-eabi/13.3.1/../../../../arm-none-eabi/lib/thumb/v7e-m+fp/hard\libc_nano.a(libc_a-lseekr.o)
[...]
Memory Configuration

Name             Origin             Length             Attributes
CCMRAM           0x10000000         0x00010000         xrw
RAM              0x20000000         0x00020000         xrw
FLASH            0x08000000         0x00100000         xr
*default*        0x00000000         0xffffffff

Linker script and memory map

LOAD C:/ST/STM32CubeIDE_1.16.1/STM32CubeIDE/plugins/com.st.stm32cube.ide.mcu.externaltools.gnu-tools-for-stm32.13.3.rel1.win32_1.0.0.202411081344/tools/bin/../lib/gcc/arm-none-eabi/13.3.1/thumb/v7e-m+fp/hard/crti.o
LOAD C:/ST/STM32CubeIDE_1.16.1/STM32CubeIDE/plugins/com.st.stm32cube.ide.mcu.externaltools.gnu-tools-for-stm32.13.3.rel1.win32_1.0.0.202411081344/tools/bin/../lib/gcc/arm-none-eabi/13.3.1/thumb/v7e-m+fp/hard/crtbegin.o
LOAD C:/ST/STM32CubeIDE_1.16.1/STM32CubeIDE/plugins/com.st.stm32cube.ide.mcu.externaltools.gnu-tools-for-stm32.13.3.rel1.win32_1.0.0.202411081344/tools/bin/../lib/gcc/arm-none-eabi/13.3.1/../../../../arm-none-eabi/lib/thumb/v7e-m+fp/hard/crt0.o
LOAD ./Core/Src/main.o
LOAD ./Core/Src/stm32f4xx_hal_msp.o
LOAD ./Core/Src/stm32f4xx_it.o
LOAD ./Core/Src/syscalls.o
LOAD ./Core/Src/sysmem.o
LOAD ./Core/Src/system_stm32f4xx.o
LOAD ./Core/Startup/startup_stm32f407vgtx.o
LOAD ./Drivers/STM32F4xx_HAL_Driver/Src/stm32f4xx_hal.o
LOAD ./Drivers/STM32F4xx_HAL_Driver/Src/stm32f4xx_hal_cortex.o
LOAD ./Drivers/STM32F4xx_HAL_Driver/Src/stm32f4xx_hal_dma.o
LOAD ./Drivers/STM32F4xx_HAL_Driver/Src/stm32f4xx_hal_dma_ex.o
LOAD ./Drivers/STM32F4xx_HAL_Driver/Src/stm32f4xx_hal_exti.o
LOAD ./Drivers/STM32F4xx_HAL_Driver/Src/stm32f4xx_hal_flash.o
LOAD ./Drivers/STM32F4xx_HAL_Driver/Src/stm32f4xx_hal_flash_ex.o
LOAD ./Drivers/STM32F4xx_HAL_Driver/Src/stm32f4xx_hal_flash_ramfunc.o
LOAD ./Drivers/STM32F4xx_HAL_Driver/Src/stm32f4xx_hal_gpio.o
LOAD ./Drivers/STM32F4xx_HAL_Driver/Src/stm32f4xx_hal_pwr.o
LOAD ./Drivers/STM32F4xx_HAL_Driver/Src/stm32f4xx_hal_pwr_ex.o
LOAD ./Drivers/STM32F4xx_HAL_Driver/Src/stm32f4xx_hal_rcc.o
LOAD ./Drivers/STM32F4xx_HAL_Driver/Src/stm32f4xx_hal_rcc_ex.o
LOAD ./Drivers/STM32F4xx_HAL_Driver/Src/stm32f4xx_hal_tim.o
LOAD ./Drivers/STM32F4xx_HAL_Driver/Src/stm32f4xx_hal_tim_ex.o
LOAD ./Drivers/STM32F4xx_HAL_Driver/Src/stm32f4xx_hal_uart.o
LOAD ./Library/microtbx/tbx_aes256.o
LOAD ./Library/microtbx/tbx_assert.o
LOAD ./Library/microtbx/tbx_checksum.o
LOAD ./Library/microtbx/tbx_comp.o
LOAD ./Library/microtbx/tbx_critsect.o
LOAD ./Library/microtbx/tbx_crypto.o
LOAD ./Library/microtbx/tbx_heap.o
LOAD ./Library/microtbx/tbx_list.o
LOAD ./Library/microtbx/tbx_mempool.o
LOAD ./Library/microtbx/tbx_platform.o
LOAD ./Library/microtbx/tbx_port.o
LOAD ./Library/microtbx/tbx_random.o
LOAD ./Library/microtbx-modbus/tbxmb_client.o
LOAD ./Library/microtbx-modbus/tbxmb_event.o
LOAD ./Library/microtbx-modbus/tbxmb_port.o
LOAD ./Library/microtbx-modbus/tbxmb_rtu.o
LOAD ./Library/microtbx-modbus/tbxmb_server.o
LOAD ./Library/microtbx-modbus/tbxmb_superloop.o
LOAD ./Library/microtbx-modbus/tbxmb_uart.o
START GROUP
LOAD C:/ST/STM32CubeIDE_1.16.1/STM32CubeIDE/plugins/com.st.stm32cube.ide.mcu.externaltools.gnu-tools-for-stm32.13.3.rel1.win32_1.0.0.202411081344/tools/bin/../lib/gcc/arm-none-eabi/13.3.1/../../../../arm-none-eabi/lib/thumb/v7e-m+fp/hard\libc_nano.a
LOAD C:/ST/STM32CubeIDE_1.16.1/STM32CubeIDE/plugins/com.st.stm32cube.ide.mcu.externaltools.gnu-tools-for-stm32.13.3.rel1.win32_1.0.0.202411081344/tools/bin/../lib/gcc/arm-none-eabi/13.3.1/../../../../arm-none-eabi/lib/thumb/v7e-m+fp/hard\libm.a
END GROUP
START GROUP
LOAD C:/ST/STM32CubeIDE_1.16.1/STM32CubeIDE/plugins/com.st.stm32cube.ide.mcu.externaltools.gnu-tools-for-stm32.13.3.rel1.win32_1.0.0.202411081344/tools/bin/../lib/gcc/arm-none-eabi/13.3.1/thumb/v7e-m+fp/hard\libgcc.a
LOAD C:/ST/STM32CubeIDE_1.16.1/STM32CubeIDE/plugins/com.st.stm32cube.ide.mcu.externaltools.gnu-tools-for-stm32.13.3.rel1.win32_1.0.0.202411081344/tools/bin/../lib/gcc/arm-none-eabi/13.3.1/../../../../arm-none-eabi/lib/thumb/v7e-m+fp/hard\libc_nano.a
END GROUP
START GROUP
LOAD C:/ST/STM32CubeIDE_1.16.1/STM32CubeIDE/plugins/com.st.stm32cube.ide.mcu.externaltools.gnu-tools-for-stm32.13.3.rel1.win32_1.0.0.202411081344/tools/bin/../lib/gcc/arm-none-eabi/13.3.1/thumb/v7e-m+fp/hard\libgcc.a
LOAD C:/ST/STM32CubeIDE_1.16.1/STM32CubeIDE/plugins/com.st.stm32cube.ide.mcu.externaltools.gnu-tools-for-stm32.13.3.rel1.win32_1.0.0.202411081344/tools/bin/../lib/gcc/arm-none-eabi/13.3.1/../../../../arm-none-eabi/lib/thumb/v7e-m+fp/hard\libc_nano.a
LOAD C:/ST/STM32CubeIDE_1.16.1/STM32CubeIDE/plugins/com.st.stm32cube.ide.mcu.externaltools.gnu-tools-for-stm32.13.3.rel1.win32_1.0.0.202411081344/tools/bin/../lib/gcc/arm-none-eabi/13.3.1/../../../../arm-none-eabi/lib/thumb/v7e-m+fp/hard\libnosys.a
END GROUP
START GROUP
LOAD C:/ST/STM32CubeIDE_1.16.1/STM32CubeIDE/plugins/com.st.stm32cube.ide.mcu.externaltools.gnu-tools-for-stm32.13.3.rel1.win32_1.0.0.202411081344/tools/bin/../lib/gcc/arm-none-eabi/13.3.1/thumb/v7e-m+fp/hard\libgcc.a
LOAD C:/ST/STM32CubeIDE_1.16.1/STM32CubeIDE/plugins/com.st.stm32cube.ide.mcu.externaltools.gnu-tools-for-stm32.13.3.rel1.win32_1.0.0.202411081344/tools/bin/../lib/gcc/arm-none-eabi/13.3.1/../../../../arm-none-eabi/lib/thumb/v7e-m+fp/hard\libc_nano.a
LOAD C:/ST/STM32CubeIDE_1.16.1/STM32CubeIDE/plugins/com.st.stm32cube.ide.mcu.externaltools.gnu-tools-for-stm32.13.3.rel1.win32_1.0.0.202411081344/tools/bin/../lib/gcc/arm-none-eabi/13.3.1/../../../../arm-none-eabi/lib/thumb/v7e-m+fp/hard\libnosys.a
END GROUP
LOAD C:/ST/STM32CubeIDE_1.16.1/STM32CubeIDE/plugins/com.st.stm32cube.ide.mcu.externaltools.gnu-tools-for-stm32.13.3.rel1.win32_1.0.0.202411081344/tools/bin/../lib/gcc/arm-none-eabi/13.3.1/thumb/v7e-m+fp/hard/crtend.o
LOAD C:/ST/STM32CubeIDE_1.16.1/STM32CubeIDE/plugins/com.st.stm32cube.ide.mcu.externaltools.gnu-tools-for-stm32.13.3.rel1.win32_1.0.0.202411081344/tools/bin/../lib/gcc/arm-none-eabi/13.3.1/thumb/v7e-m+fp/hard/crtn.o
                0x20020000                        _estack = (ORIGIN (RAM) + LENGTH (RAM))
                0x00000200                        _Min_Heap_Size = 0x200
                0x00000400                        _Min_Stack_Size = 0x400

.isr_vector     0x08000000      0x188
                0x08000000                        . = ALIGN (0x4)
 *(.isr_vector)
 .isr_vector    0x08000000      0x188 ./Core/Startup/startup_stm32f407vgtx.o
                0x08000000                g_pfnVectors
                0x08000188                        . = ALIGN (0x4)

.text           0x08000188     0x5b6c
                0x08000188                        . = ALIGN (0x4)
 *(.text)
 .text          0x08000188       0x40 C:/ST/STM32CubeIDE_1.16.1/STM32CubeIDE/plugins/com.st.stm32cube.ide.mcu.externaltools.gnu-tools-for-stm32.13.3.rel1.win32_1.0.0.202411081344/tools/bin/../lib/gcc/arm-none-eabi/13.3.1/thumb/v7e-m+fp/hard/crtbegin.o
 .text          0x080001c8        0xe ./Library/microtbx/tbx_comp.o
                0x080001c8                TbxPortInterruptsDisable
                0x080001d0                TbxPortInterruptsRestore
 *fill*         0x080001d6        0x2 
 .text          0x080001d8       0x30 C:/ST/STM32CubeIDE_1.16.1/STM32CubeIDE/plugins/com.st.stm32cube.ide.mcu.externaltools.gnu-tools-for-stm32.13.3.rel1.win32_1.0.0.202411081344/tools/bin/../lib/gcc/arm-none-eabi/13.3.1/thumb/v7e-m+fp/hard\libgcc.a(_aeabi_uldivmod.o)
                0x080001d8                __aeabi_uldivmod
 .text          0x08000208      0x2f8 C:/ST/STM32CubeIDE_1.16.1/STM32CubeIDE/plugins/com.st.stm32cube.ide.mcu.externaltools.gnu-tools-for-stm32.13.3.rel1.win32_1.0.0.202411081344/tools/bin/../lib/gcc/arm-none-eabi/13.3.1/thumb/v7e-m+fp/hard\libgcc.a(_udivmoddi4.o)
                0x08000208                __udivmoddi4
 .text          0x08000500        0x4 C:/ST/STM32CubeIDE_1.16.1/STM32CubeIDE/plugins/com.st.stm32cube.ide.mcu.externaltools.gnu-tools-for-stm32.13.3.rel1.win32_1.0.0.202411081344/tools/bin/../lib/gcc/arm-none-eabi/13.3.1/thumb/v7e-m+fp/hard\libgcc.a(_dvmd_tls.o)
                0x08000500                __aeabi_idiv0
                0x08000500                __aeabi_ldiv0
 *(.text*)
 .text.ModbusReadInputReg
                0x08000504       0x4e ./Core/Src/main.o
                0x08000504                ModbusReadInputReg
 *fill*         0x08000552        0x2 
 .text.main     0x08000554       0x60 ./Core/Src/main.o
                0x08000554                main
 .text.SystemClock_Config
                0x080005b4       0xd0 ./Core/Src/main.o
                0x080005b4                SystemClock_Config
 .text.MX_TIM10_Init
                0x08000684       0x48 ./Core/Src/main.o
 .text.MX_USART2_UART_Init
                0x080006cc       0x58 ./Core/Src/main.o
 .text.MX_GPIO_Init
                0x08000724       0xdc ./Core/Src/main.o
 .text.Error_Handler
                0x08000800        0xc ./Core/Src/main.o
                0x08000800                Error_Handler
 .text.HAL_MspInit
                0x0800080c       0x50 ./Core/Src/stm32f4xx_hal_msp.o
                0x0800080c                HAL_MspInit
 .text.HAL_TIM_Base_MspInit
                0x0800085c       0x44 ./Core/Src/stm32f4xx_hal_msp.o
                0x0800085c                HAL_TIM_Base_MspInit
 .text.HAL_UART_MspInit
                0x080008a0       0xa0 ./Core/Src/stm32f4xx_hal_msp.o
                0x080008a0                HAL_UART_MspInit
 .text.NMI_Handler
                0x08000940        0x8 ./Core/Src/stm32f4xx_it.o
                0x08000940                NMI_Handler
 .text.HardFault_Handler
                0x08000948        0x8 ./Core/Src/stm32f4xx_it.o
                0x08000948                HardFault_Handler
 .text.MemManage_Handler
                0x08000950        0x8 ./Core/Src/stm32f4xx_it.o
                0x08000950                MemManage_Handler
 .text.BusFault_Handler
                0x08000958        0x8 ./Core/Src/stm32f4xx_it.o
                0x08000958                BusFault_Handler
 .text.UsageFault_Handler
                0x08000960        0x8 ./Core/Src/stm32f4xx_it.o
                0x08000960                UsageFault_Handler
 .text.SVC_Handler
                0x08000968        0xe ./Core/Src/stm32f4xx_it.o
                0x08000968                SVC_Handler
 .text.DebugMon_Handler
                0x08000976        0xe ./Core/Src/stm32f4xx_it.o
                0x08000976                DebugMon_Handler
 .text.PendSV_Handler
                0x08000984        0xe ./Core/Src/stm32f4xx_it.o
                0x08000984                PendSV_Handler
 .text.SysTick_Handler
                0x08000992        0xc ./Core/Src/stm32f4xx_it.o
                0x08000992                SysTick_Handler
 *fill*         0x0800099e        0x2 
 .text.USART2_IRQHandler
                0x080009a0       0x14 ./Core/Src/stm32f4xx_it.o
                0x080009a0                USART2_IRQHandler
 .text.SystemInit
                0x080009b4       0x24 ./Core/Src/system_stm32f4xx.o
                0x080009b4                SystemInit
 .text.Reset_Handler
                0x080009d8       0x50 ./Core/Startup/startup_stm32f407vgtx.o
                0x080009d8                Reset_Handler
 .text.Default_Handler
                0x08000a28        0x2 ./Core/Startup/startup_stm32f407vgtx.o
                0x08000a28                RTC_Alarm_IRQHandler
                0x08000a28                HASH_RNG_IRQHandler
                0x08000a28                EXTI2_IRQHandler
                0x08000a28                TIM8_CC_IRQHandler
                0x08000a28                TIM1_CC_IRQHandler
                0x08000a28                DMA2_Stream5_IRQHandler
                0x08000a28                DMA1_Stream5_IRQHandler
                0x08000a28                PVD_IRQHandler
                0x08000a28                SDIO_IRQHandler
                0x08000a28                TAMP_STAMP_IRQHandler
                0x08000a28                CAN2_RX1_IRQHandler
                0x08000a28                EXTI3_IRQHandler
                0x08000a28                TIM8_TRG_COM_TIM14_IRQHandler
                0x08000a28                TIM1_UP_TIM10_IRQHandler
                0x08000a28                TIM8_UP_TIM13_IRQHandler
                0x08000a28                I2C3_ER_IRQHandler
                0x08000a28                EXTI0_IRQHandler
                0x08000a28                I2C2_EV_IRQHandler
                0x08000a28                DMA1_Stream2_IRQHandler
                0x08000a28                CAN1_RX0_IRQHandler
                0x08000a28                FPU_IRQHandler
                0x08000a28                OTG_HS_WKUP_IRQHandler
                0x08000a28                CAN2_SCE_IRQHandler
                0x08000a28                DMA2_Stream2_IRQHandler
                0x08000a28                SPI1_IRQHandler
                0x08000a28                TIM6_DAC_IRQHandler
                0x08000a28                TIM1_BRK_TIM9_IRQHandler
                0x08000a28                DCMI_IRQHandler
                0x08000a28                CAN2_RX0_IRQHandler
                0x08000a28                DMA2_Stream3_IRQHandler
                0x08000a28                USART6_IRQHandler
                0x08000a28                USART3_IRQHandler
                0x08000a28                CAN1_RX1_IRQHandler
                0x08000a28                UART5_IRQHandler
                0x08000a28                DMA2_Stream0_IRQHandler
                0x08000a28                TIM4_IRQHandler
                0x08000a28                I2C1_EV_IRQHandler
                0x08000a28                DMA1_Stream6_IRQHandler
                0x08000a28                DMA1_Stream1_IRQHandler
                0x08000a28                UART4_IRQHandler
                0x08000a28                TIM3_IRQHandler
                0x08000a28                RCC_IRQHandler
                0x08000a28                TIM8_BRK_TIM12_IRQHandler
                0x08000a28                Default_Handler
                0x08000a28                EXTI15_10_IRQHandler
                0x08000a28                ADC_IRQHandler
                0x08000a28                DMA1_Stream7_IRQHandler
                0x08000a28                TIM7_IRQHandler
                0x08000a28                CAN2_TX_IRQHandler
                0x08000a28                TIM5_IRQHandler
                0x08000a28                DMA2_Stream7_IRQHandler
                0x08000a28                I2C3_EV_IRQHandler
                0x08000a28                EXTI9_5_IRQHandler
                0x08000a28                RTC_WKUP_IRQHandler
                0x08000a28                ETH_WKUP_IRQHandler
                0x08000a28                SPI2_IRQHandler
                0x08000a28                OTG_HS_EP1_IN_IRQHandler
                0x08000a28                DMA1_Stream0_IRQHandler
                0x08000a28                CAN1_TX_IRQHandler
                0x08000a28                EXTI4_IRQHandler
                0x08000a28                FSMC_IRQHandler
                0x08000a28                ETH_IRQHandler
                0x08000a28                OTG_HS_EP1_OUT_IRQHandler
                0x08000a28                WWDG_IRQHandler
                0x08000a28                TIM2_IRQHandler
                0x08000a28                OTG_FS_WKUP_IRQHandler
                0x08000a28                TIM1_TRG_COM_TIM11_IRQHandler
                0x08000a28                OTG_HS_IRQHandler
                0x08000a28                EXTI1_IRQHandler
                0x08000a28                I2C2_ER_IRQHandler
                0x08000a28                DMA2_Stream1_IRQHandler
                0x08000a28                CAN1_SCE_IRQHandler
                0x08000a28                FLASH_IRQHandler
                0x08000a28                DMA2_Stream4_IRQHandler
                0x08000a28                USART1_IRQHandler
                0x08000a28                OTG_FS_IRQHandler
                0x08000a28                SPI3_IRQHandler
                0x08000a28                DMA1_Stream4_IRQHandler
                0x08000a28                I2C1_ER_IRQHandler
                0x08000a28                DMA2_Stream6_IRQHandler
                0x08000a28                DMA1_Stream3_IRQHandler
 *fill*         0x08000a2a        0x2 
 .text.HAL_Init
                0x08000a2c       0x44 ./Drivers/STM32F4xx_HAL_Driver/Src/stm32f4xx_hal.o
                0x08000a2c                HAL_Init
 .text.HAL_InitTick
                0x08000a70       0x60 ./Drivers/STM32F4xx_HAL_Driver/Src/stm32f4xx_hal.o
                0x08000a70                HAL_InitTick
 .text.HAL_IncTick
                0x08000ad0       0x28 ./Drivers/STM32F4xx_HAL_Driver/Src/stm32f4xx_hal.o
                0x08000ad0                HAL_IncTick
 .text.HAL_GetTick
                0x08000af8       0x18 ./Drivers/STM32F4xx_HAL_Driver/Src/stm32f4xx_hal.o
                0x08000af8                HAL_GetTick
 .text.__NVIC_SetPriorityGrouping
                0x08000b10       0x48 ./Drivers/STM32F4xx_HAL_Driver/Src/stm32f4xx_hal_cortex.o
 .text.__NVIC_GetPriorityGrouping
                0x08000b58       0x1c ./Drivers/STM32F4xx_HAL_Driver/Src/stm32f4xx_hal_cortex.o
 .text.__NVIC_EnableIRQ
                0x08000b74       0x3c ./Drivers/STM32F4xx_HAL_Driver/Src/stm32f4xx_hal_cortex.o
 .text.__NVIC_SetPriority
                0x08000bb0       0x54 ./Drivers/STM32F4xx_HAL_Driver/Src/stm32f4xx_hal_cortex.o
 .text.NVIC_EncodePriority
                0x08000c04       0x66 ./Drivers/STM32F4xx_HAL_Driver/Src/stm32f4xx_hal_cortex.o
 *fill*         0x08000c6a        0x2 
 .text.SysTick_Config
                0x08000c6c       0x44 ./Drivers/STM32F4xx_HAL_Driver/Src/stm32f4xx_hal_cortex.o
 .text.HAL_NVIC_SetPriorityGrouping
                0x08000cb0       0x16 ./Drivers/STM32F4xx_HAL_Driver/Src/stm32f4xx_hal_cortex.o
                0x08000cb0                HAL_NVIC_SetPriorityGrouping
 .text.HAL_NVIC_SetPriority
                0x08000cc6       0x38 ./Drivers/STM32F4xx_HAL_Driver/Src/stm32f4xx_hal_cortex.o
                0x08000cc6                HAL_NVIC_SetPriority
 .text.HAL_NVIC_EnableIRQ
                0x08000cfe       0x1c ./Drivers/STM32F4xx_HAL_Driver/Src/stm32f4xx_hal_cortex.o
                0x08000cfe                HAL_NVIC_EnableIRQ
 .text.HAL_SYSTICK_Config
                0x08000d1a       0x18 ./Drivers/STM32F4xx_HAL_Driver/Src/stm32f4xx_hal_cortex.o
                0x08000d1a                HAL_SYSTICK_Config
 .text.HAL_DMA_Abort
                0x08000d32       0xe0 ./Drivers/STM32F4xx_HAL_Driver/Src/stm32f4xx_hal_dma.o
                0x08000d32                HAL_DMA_Abort
 .text.HAL_DMA_Abort_IT
                0x08000e12       0x44 ./Drivers/STM32F4xx_HAL_Driver/Src/stm32f4xx_hal_dma.o
                0x08000e12                HAL_DMA_Abort_IT
 *fill*         0x08000e56        0x2 
 .text.HAL_GPIO_Init
                0x08000e58      0x338 ./Drivers/STM32F4xx_HAL_Driver/Src/stm32f4xx_hal_gpio.o
                0x08000e58                HAL_GPIO_Init
 .text.HAL_GPIO_WritePin
                0x08001190       0x32 ./Drivers/STM32F4xx_HAL_Driver/Src/stm32f4xx_hal_gpio.o
                0x08001190                HAL_GPIO_WritePin
 *fill*         0x080011c2        0x2 
 .text.HAL_RCC_OscConfig
                0x080011c4      0x4f0 ./Drivers/STM32F4xx_HAL_Driver/Src/stm32f4xx_hal_rcc.o
                0x080011c4                HAL_RCC_OscConfig
 .text.HAL_RCC_ClockConfig
                0x080016b4      0x1cc ./Drivers/STM32F4xx_HAL_Driver/Src/stm32f4xx_hal_rcc.o
                0x080016b4                HAL_RCC_ClockConfig
 .text.HAL_RCC_GetSysClockFreq
                0x08001880      0x18c ./Drivers/STM32F4xx_HAL_Driver/Src/stm32f4xx_hal_rcc.o
                0x08001880                HAL_RCC_GetSysClockFreq
 .text.HAL_RCC_GetHCLKFreq
                0x08001a0c       0x18 ./Drivers/STM32F4xx_HAL_Driver/Src/stm32f4xx_hal_rcc.o
                0x08001a0c                HAL_RCC_GetHCLKFreq
 .text.HAL_RCC_GetPCLK1Freq
                0x08001a24       0x28 ./Drivers/STM32F4xx_HAL_Driver/Src/stm32f4xx_hal_rcc.o
                0x08001a24                HAL_RCC_GetPCLK1Freq
 .text.HAL_RCC_GetPCLK2Freq
                0x08001a4c       0x28 ./Drivers/STM32F4xx_HAL_Driver/Src/stm32f4xx_hal_rcc.o
                0x08001a4c                HAL_RCC_GetPCLK2Freq
 .text.HAL_TIM_Base_Init
                0x08001a74       0x9e ./Drivers/STM32F4xx_HAL_Driver/Src/stm32f4xx_hal_tim.o
                0x08001a74                HAL_TIM_Base_Init
 *fill*         0x08001b12        0x2 
 .text.TIM_Base_SetConfig
                0x08001b14      0x14c ./Drivers/STM32F4xx_HAL_Driver/Src/stm32f4xx_hal_tim.o
                0x08001b14                TIM_Base_SetConfig
 .text.HAL_UART_Init
                0x08001c60       0xa0 ./Drivers/STM32F4xx_HAL_Driver/Src/stm32f4xx_hal_uart.o
                0x08001c60                HAL_UART_Init
 .text.HAL_UART_Transmit_IT
                0x08001d00       0x6c ./Drivers/STM32F4xx_HAL_Driver/Src/stm32f4xx_hal_uart.o
                0x08001d00                HAL_UART_Transmit_IT
 .text.HAL_UART_Receive_IT
                0x08001d6c       0x4a ./Drivers/STM32F4xx_HAL_Driver/Src/stm32f4xx_hal_uart.o
                0x08001d6c                HAL_UART_Receive_IT
 *fill*         0x08001db6        0x2 
 .text.HAL_UART_IRQHandler
                0x08001db8      0x554 ./Drivers/STM32F4xx_HAL_Driver/Src/stm32f4xx_hal_uart.o
                0x08001db8                HAL_UART_IRQHandler
 .text.HAL_UART_ErrorCallback
                0x0800230c       0x14 ./Drivers/STM32F4xx_HAL_Driver/Src/stm32f4xx_hal_uart.o
                0x0800230c                HAL_UART_ErrorCallback
 .text.HAL_UARTEx_RxEventCallback
                0x08002320       0x18 ./Drivers/STM32F4xx_HAL_Driver/Src/stm32f4xx_hal_uart.o
                0x08002320                HAL_UARTEx_RxEventCallback
 .text.HAL_UART_GetError
                0x08002338       0x18 ./Drivers/STM32F4xx_HAL_Driver/Src/stm32f4xx_hal_uart.o
                0x08002338                HAL_UART_GetError
 .text.UART_Start_Receive_IT
                0x08002350       0x74 ./Drivers/STM32F4xx_HAL_Driver/Src/stm32f4xx_hal_uart.o
                0x08002350                UART_Start_Receive_IT
 .text.UART_EndRxTransfer
                0x080023c4       0xc6 ./Drivers/STM32F4xx_HAL_Driver/Src/stm32f4xx_hal_uart.o
 .text.UART_DMAAbortOnError
                0x0800248a       0x22 ./Drivers/STM32F4xx_HAL_Driver/Src/stm32f4xx_hal_uart.o
 .text.UART_Transmit_IT
                0x080024ac       0xa0 ./Drivers/STM32F4xx_HAL_Driver/Src/stm32f4xx_hal_uart.o
 .text.UART_EndTransmit_IT
                0x0800254c       0x30 ./Drivers/STM32F4xx_HAL_Driver/Src/stm32f4xx_hal_uart.o
 .text.UART_Receive_IT
                0x0800257c      0x17c ./Drivers/STM32F4xx_HAL_Driver/Src/stm32f4xx_hal_uart.o
 .text.UART_SetConfig
                0x080026f8      0x4e8 ./Drivers/STM32F4xx_HAL_Driver/Src/stm32f4xx_hal_uart.o
 .text.TbxAssertTrigger
                0x08002be0       0x2c ./Library/microtbx/tbx_assert.o
                0x08002be0                TbxAssertTrigger
 .text.TbxCriticalSectionEnter
                0x08002c0c       0x34 ./Library/microtbx/tbx_critsect.o
                0x08002c0c                TbxCriticalSectionEnter
 .text.TbxCriticalSectionExit
                0x08002c40       0x48 ./Library/microtbx/tbx_critsect.o
                0x08002c40                TbxCriticalSectionExit
 .text.TbxHeapAllocate
                0x08002c88       0x70 ./Library/microtbx/tbx_heap.o
                0x08002c88                TbxHeapAllocate
 .text.TbxListCreate
                0x08002cf8       0x94 ./Library/microtbx/tbx_list.o
                0x08002cf8                TbxListCreate
 .text.TbxListGetSize
                0x08002d8c       0x3c ./Library/microtbx/tbx_list.o
                0x08002d8c                TbxListGetSize
 .text.TbxListInsertItemBack
                0x08002dc8       0xd4 ./Library/microtbx/tbx_list.o
                0x08002dc8                TbxListInsertItemBack
 .text.TbxListRemoveItem
                0x08002e9c      0x1b8 ./Library/microtbx/tbx_list.o
                0x08002e9c                TbxListRemoveItem
 .text.TbxListGetFirstItem
                0x08003054       0x48 ./Library/microtbx/tbx_list.o
                0x08003054                TbxListGetFirstItem
 .text.TbxListGetNextItem
                0x0800309c       0x74 ./Library/microtbx/tbx_list.o
                0x0800309c                TbxListGetNextItem
 .text.TbxListFindListNode
                0x08003110       0x74 ./Library/microtbx/tbx_list.o
 .text.TbxMemPoolCreate
                0x08003184      0x144 ./Library/microtbx/tbx_mempool.o
                0x08003184                TbxMemPoolCreate
 .text.TbxMemPoolAllocate
                0x080032c8       0xa0 ./Library/microtbx/tbx_mempool.o
                0x080032c8                TbxMemPoolAllocate
 .text.TbxMemPoolRelease
                0x08003368       0xb8 ./Library/microtbx/tbx_mempool.o
                0x08003368                TbxMemPoolRelease
 .text.TbxMemPoolListFind
                0x08003420       0x5c ./Library/microtbx/tbx_mempool.o
 .text.TbxMemPoolListFindBestFit
                0x0800347c       0x70 ./Library/microtbx/tbx_mempool.o
 .text.TbxMemPoolListInsert
                0x080034ec      0x130 ./Library/microtbx/tbx_mempool.o
 .text.TbxMemPoolBlockCreate
                0x0800361c       0x50 ./Library/microtbx/tbx_mempool.o
 .text.TbxMemPoolBlockGetDataPtr
                0x0800366c       0x40 ./Library/microtbx/tbx_mempool.o
 .text.TbxMemPoolBlockGetBlockSize
                0x080036ac       0x40 ./Library/microtbx/tbx_mempool.o
 .text.TbxMemPoolBlockGetMemPtr
                0x080036ec       0x40 ./Library/microtbx/tbx_mempool.o
 .text.TbxMemPoolBlockListCreate
                0x0800372c       0x24 ./Library/microtbx/tbx_mempool.o
 .text.TbxMemPoolBlockListInsert
                0x08003750       0x60 ./Library/microtbx/tbx_mempool.o
 .text.TbxMemPoolBlockListExtract
                0x080037b0       0x58 ./Library/microtbx/tbx_mempool.o
 .text.TbxMemPoolBlockListIsEmpty
                0x08003808       0x3c ./Library/microtbx/tbx_mempool.o
 .text.TbxMbEventTask
                0x08003844      0x128 ./Library/microtbx-modbus/tbxmb_event.o
                0x08003844                TbxMbEventTask
 .text.TbxMbPortUartInit
                0x0800396c       0x38 ./Library/microtbx-modbus/tbxmb_port.o
                0x0800396c                TbxMbPortUartInit
 .text.TbxMbPortUartTransmit
                0x080039a4       0x38 ./Library/microtbx-modbus/tbxmb_port.o
                0x080039a4                TbxMbPortUartTransmit
 .text.TbxMbPortTimerCount
                0x080039dc       0x3c ./Library/microtbx-modbus/tbxmb_port.o
                0x080039dc                TbxMbPortTimerCount
 .text.HAL_UART_TxCpltCallback
                0x08003a18       0x16 ./Library/microtbx-modbus/tbxmb_port.o
                0x08003a18                HAL_UART_TxCpltCallback
 *fill*         0x08003a2e        0x2 
 .text.HAL_UART_RxCpltCallback
                0x08003a30       0x40 ./Library/microtbx-modbus/tbxmb_port.o
                0x08003a30                HAL_UART_RxCpltCallback
 .text.TbxMbRtuCreate
                0x08003a70      0x21c ./Library/microtbx-modbus/tbxmb_rtu.o
                0x08003a70                TbxMbRtuCreate
 .text.TbxMbRtuPoll
                0x08003c8c      0x218 ./Library/microtbx-modbus/tbxmb_rtu.o
 .text.TbxMbRtuTransmit
                0x08003ea4      0x194 ./Library/microtbx-modbus/tbxmb_rtu.o
 .text.TbxMbRtuReceptionDone
                0x08004038       0x78 ./Library/microtbx-modbus/tbxmb_rtu.o
 .text.TbxMbRtuGetRxPacket
                0x080040b0       0x64 ./Library/microtbx-modbus/tbxmb_rtu.o
 .text.TbxMbRtuGetTxPacket
                0x08004114       0x64 ./Library/microtbx-modbus/tbxmb_rtu.o
 .text.TbxMbRtuValidate
                0x08004178      0x134 ./Library/microtbx-modbus/tbxmb_rtu.o
 .text.TbxMbRtuTransmitComplete
                0x080042ac       0xa0 ./Library/microtbx-modbus/tbxmb_rtu.o
 .text.TbxMbRtuDataReceived
                0x0800434c      0x1c4 ./Library/microtbx-modbus/tbxmb_rtu.o
 .text.TbxMbRtuCalculatCrc
                0x08004510       0x64 ./Library/microtbx-modbus/tbxmb_rtu.o
 .text.TbxMbCommonExtractUInt16BE
                0x08004574       0x2c ./Library/microtbx-modbus/tbxmb_server.o
 .text.TbxMbCommonStoreUInt16BE
                0x080045a0       0x2e ./Library/microtbx-modbus/tbxmb_server.o
 *fill*         0x080045ce        0x2 
 .text.TbxMbServerCreate
                0x080045d0      0x104 ./Library/microtbx-modbus/tbxmb_server.o
                0x080045d0                TbxMbServerCreate
 .text.TbxMbServerSetCallbackReadInputReg
                0x080046d4       0x5c ./Library/microtbx-modbus/tbxmb_server.o
                0x080046d4                TbxMbServerSetCallbackReadInputReg
 .text.TbxMbServerProcessEvent
                0x08004730      0x24c ./Library/microtbx-modbus/tbxmb_server.o
 .text.TbxMbServerFC01ReadCoils
                0x0800497c      0x1c4 ./Library/microtbx-modbus/tbxmb_server.o
 .text.TbxMbServerFC02ReadInputs
                0x08004b40      0x1c4 ./Library/microtbx-modbus/tbxmb_server.o
 .text.TbxMbServerFC03ReadHoldingRegs
                0x08004d04      0x150 ./Library/microtbx-modbus/tbxmb_server.o
 .text.TbxMbServerFC04ReadInputRegs
                0x08004e54      0x150 ./Library/microtbx-modbus/tbxmb_server.o
 .text.TbxMbServerFC05WriteSingleCoil
                0x08004fa4      0x12c ./Library/microtbx-modbus/tbxmb_server.o
 .text.TbxMbServerFC06WriteSingleReg
                0x080050d0       0xf0 ./Library/microtbx-modbus/tbxmb_server.o
 .text.TbxMbServerFC08Diagnostics
                0x080051c0      0x2b0 ./Library/microtbx-modbus/tbxmb_server.o
 .text.TbxMbServerFC15WriteMultipleCoils
                0x08005470      0x1e4 ./Library/microtbx-modbus/tbxmb_server.o
 .text.TbxMbServerFC16WriteMultipleRegs
                0x08005654      0x168 ./Library/microtbx-modbus/tbxmb_server.o
 .text.TbxMbOsalEventInit
                0x080057bc       0x3c ./Library/microtbx-modbus/tbxmb_superloop.o
                0x080057bc                TbxMbOsalEventInit
 .text.TbxMbOsalEventPost
                0x080057f8       0xa0 ./Library/microtbx-modbus/tbxmb_superloop.o
                0x080057f8                TbxMbOsalEventPost
 .text.TbxMbOsalEventWait
                0x08005898       0x98 ./Library/microtbx-modbus/tbxmb_superloop.o
                0x08005898                TbxMbOsalEventWait
 .text.TbxMbOsalSemCreate
                0x08005930       0x5c ./Library/microtbx-modbus/tbxmb_superloop.o
                0x08005930                TbxMbOsalSemCreate
 .text.TbxMbOsalSemGive
                0x0800598c       0x54 ./Library/microtbx-modbus/tbxmb_superloop.o
                0x0800598c                TbxMbOsalSemGive
 .text.TbxMbOsalSemTake
                0x080059e0       0xf4 ./Library/microtbx-modbus/tbxmb_superloop.o
                0x080059e0                TbxMbOsalSemTake
 .text.TbxMbUartInit
                0x08005ad4       0x9c ./Library/microtbx-modbus/tbxmb_uart.o
                0x08005ad4                TbxMbUartInit
 .text.TbxMbUartTransmit
                0x08005b70       0x60 ./Library/microtbx-modbus/tbxmb_uart.o
                0x08005b70                TbxMbUartTransmit
 .text.TbxMbUartTransmitComplete
                0x08005bd0       0x48 ./Library/microtbx-modbus/tbxmb_uart.o
                0x08005bd0                TbxMbUartTransmitComplete
 .text.TbxMbUartDataReceived
                0x08005c18       0x6c ./Library/microtbx-modbus/tbxmb_uart.o
                0x08005c18                TbxMbUartDataReceived
 .text.memset   0x08005c84       0x10 C:/ST/STM32CubeIDE_1.16.1/STM32CubeIDE/plugins/com.st.stm32cube.ide.mcu.externaltools.gnu-tools-for-stm32.13.3.rel1.win32_1.0.0.202411081344/tools/bin/../lib/gcc/arm-none-eabi/13.3.1/../../../../arm-none-eabi/lib/thumb/v7e-m+fp/hard\libc_nano.a(libc_a-memset.o)
                0x08005c84                memset
 .text.__libc_init_array
                0x08005c94       0x48 C:/ST/STM32CubeIDE_1.16.1/STM32CubeIDE/plugins/com.st.stm32cube.ide.mcu.externaltools.gnu-tools-for-stm32.13.3.rel1.win32_1.0.0.202411081344/tools/bin/../lib/gcc/arm-none-eabi/13.3.1/../../../../arm-none-eabi/lib/thumb/v7e-m+fp/hard\libc_nano.a(libc_a-init.o)
                0x08005c94                __libc_init_array
 *(.glue_7)
 .glue_7        0x08005cdc        0x0 linker stubs
 *(.glue_7t)
 .glue_7t       0x08005cdc        0x0 linker stubs
 *(.eh_frame)
 .eh_frame      0x08005cdc        0x0 C:/ST/STM32CubeIDE_1.16.1/STM32CubeIDE/plugins/com.st.stm32cube.ide.mcu.externaltools.gnu-tools-for-stm32.13.3.rel1.win32_1.0.0.202411081344/tools/bin/../lib/gcc/arm-none-eabi/13.3.1/thumb/v7e-m+fp/hard/crtbegin.o
 *(.init)
 .init          0x08005cdc        0x4 C:/ST/STM32CubeIDE_1.16.1/STM32CubeIDE/plugins/com.st.stm32cube.ide.mcu.externaltools.gnu-tools-for-stm32.13.3.rel1.win32_1.0.0.202411081344/tools/bin/../lib/gcc/arm-none-eabi/13.3.1/thumb/v7e-m+fp/hard/crti.o
                0x08005cdc                _init
 .init          0x08005ce0        0x8 C:/ST/STM32CubeIDE_1.16.1/STM32CubeIDE/plugins/com.st.stm32cube.ide.mcu.externaltools.gnu-tools-for-stm32.13.3.rel1.win32_1.0.0.202411081344/tools/bin/../lib/gcc/arm-none-eabi/13.3.1/thumb/v7e-m+fp/hard/crtn.o
 *(.fini)
 .fini          0x08005ce8        0x4 C:/ST/STM32CubeIDE_1.16.1/STM32CubeIDE/plugins/com.st.stm32cube.ide.mcu.externaltools.gnu-tools-for-stm32.13.3.rel1.win32_1.0.0.202411081344/tools/bin/../lib/gcc/arm-none-eabi/13.3.1/thumb/v7e-m+fp/hard/crti.o
                0x08005ce8                _fini
 .fini          0x08005cec        0x8 C:/ST/STM32CubeIDE_1.16.1/STM32CubeIDE/plugins/com.st.stm32cube.ide.mcu.externaltools.gnu-tools-for-stm32.13.3.rel1.win32_1.0.0.202411081344/tools/bin/../lib/gcc/arm-none-eabi/13.3.1/thumb/v7e-m+fp/hard/crtn.o
                0x08005cf4                        . = ALIGN (0x4)
                0x08005cf4                        _etext = .

.vfp11_veneer   0x08005cf4        0x0
 .vfp11_veneer  0x08005cf4        0x0 linker stubs

.v4_bx          0x08005cf4        0x0
 .v4_bx         0x08005cf4        0x0 linker stubs

.iplt           0x08005cf4        0x0
 .iplt          0x08005cf4        0x0 C:/ST/STM32CubeIDE_1.16.1/STM32CubeIDE/plugins/com.st.stm32cube.ide.mcu.externaltools.gnu-tools-for-stm32.13.3.rel1.win32_1.0.0.202411081344/tools/bin/../lib/gcc/arm-none-eabi/13.3.1/thumb/v7e-m+fp/hard/crtbegin.o

.rodata         0x08005cf4      0x388
                0x08005cf4                        . = ALIGN (0x4)
 *(.rodata)
 .rodata        0x08005cf4       0x23 ./Library/microtbx/tbx_critsect.o
 *fill*         0x08005d17        0x1 
 .rodata        0x08005d18       0x1f ./Library/microtbx/tbx_heap.o
 *fill*         0x08005d37        0x1 
 .rodata        0x08005d38       0x1f ./Library/microtbx/tbx_list.o
 *fill*         0x08005d57        0x1 
 .rodata        0x08005d58       0x22 ./Library/microtbx/tbx_mempool.o
 *fill*         0x08005d7a        0x2 
 .rodata        0x08005d7c       0x29 ./Library/microtbx-modbus/tbxmb_event.o
 *fill*         0x08005da5        0x3 
 .rodata        0x08005da8       0x32 ./Library/microtbx-modbus/tbxmb_rtu.o
 *fill*         0x08005dda        0x2 
 .rodata        0x08005ddc       0x2a ./Library/microtbx-modbus/tbxmb_server.o
 *fill*         0x08005e06        0x2 
 .rodata        0x08005e08       0x2d ./Library/microtbx-modbus/tbxmb_superloop.o
 *fill*         0x08005e35        0x3 
 .rodata        0x08005e38       0x28 ./Library/microtbx-modbus/tbxmb_uart.o
 *(.rodata*)
 .rodata.AHBPrescTable
                0x08005e60       0x10 ./Core/Src/system_stm32f4xx.o
                0x08005e60                AHBPrescTable
 .rodata.APBPrescTable
                0x08005e70        0x8 ./Core/Src/system_stm32f4xx.o
                0x08005e70                APBPrescTable
 .rodata.defaultWaitTimeoutMs.0
                0x08005e78        0x2 ./Library/microtbx-modbus/tbxmb_event.o
 *fill*         0x08005e7a        0x2 
 .rodata.tbxMbRtuCrcTable.0
                0x08005e7c      0x200 ./Library/microtbx-modbus/tbxmb_rtu.o
                0x0800607c                        . = ALIGN (0x4)

.ARM.extab      0x0800607c        0x0
                0x0800607c                        . = ALIGN (0x4)
 *(.ARM.extab* .gnu.linkonce.armextab.*)
                0x0800607c                        . = ALIGN (0x4)

.ARM            0x0800607c        0x8
                0x0800607c                        . = ALIGN (0x4)
                0x0800607c                        __exidx_start = .
 *(.ARM.exidx*)
 .ARM.exidx     0x0800607c        0x8 C:/ST/STM32CubeIDE_1.16.1/STM32CubeIDE/plugins/com.st.stm32cube.ide.mcu.externaltools.gnu-tools-for-stm32.13.3.rel1.win32_1.0.0.202411081344/tools/bin/../lib/gcc/arm-none-eabi/13.3.1/thumb/v7e-m+fp/hard\libgcc.a(_udivmoddi4.o)
                0x08006084                        __exidx_end = .
                0x08006084                        . = ALIGN (0x4)

.preinit_array  0x08006084        0x0
                0x08006084                        . = ALIGN (0x4)
                0x08006084                        PROVIDE (__preinit_array_start = .)
 *(.preinit_array*)
                0x08006084                        PROVIDE (__preinit_array_end = .)
                0x08006084                        . = ALIGN (0x4)

.init_array     0x08006084        0x4
                0x08006084                        . = ALIGN (0x4)
                0x08006084                        PROVIDE (__init_array_start = .)
 *(SORT_BY_NAME(.init_array.*))
 *(.init_array*)
 .init_array    0x08006084        0x4 C:/ST/STM32CubeIDE_1.16.1/STM32CubeIDE/plugins/com.st.stm32cube.ide.mcu.externaltools.gnu-tools-for-stm32.13.3.rel1.win32_1.0.0.202411081344/tools/bin/../lib/gcc/arm-none-eabi/13.3.1/thumb/v7e-m+fp/hard/crtbegin.o
                0x08006088                        PROVIDE (__init_array_end = .)
                0x08006088                        . = ALIGN (0x4)

.fini_array     0x08006088        0x4
                0x08006088                        . = ALIGN (0x4)
                [!provide]                        PROVIDE (__fini_array_start = .)
 *(SORT_BY_NAME(.fini_array.*))
 *(.fini_array*)
 .fini_array    0x08006088        0x4 C:/ST/STM32CubeIDE_1.16.1/STM32CubeIDE/plugins/com.st.stm32cube.ide.mcu.externaltools.gnu-tools-for-stm32.13.3.rel1.win32_1.0.0.202411081344/tools/bin/../lib/gcc/arm-none-eabi/13.3.1/thumb/v7e-m+fp/hard/crtbegin.o
                [!provide]                        PROVIDE (__fini_array_end = .)
                0x0800608c                        . = ALIGN (0x4)
                0x0800608c                        _sidata = LOADADDR (.data)

.rel.dyn        0x0800608c        0x0
 .rel.iplt      0x0800608c        0x0 C:/ST/STM32CubeIDE_1.16.1/STM32CubeIDE/plugins/com.st.stm32cube.ide.mcu.externaltools.gnu-tools-for-stm32.13.3.rel1.win32_1.0.0.202411081344/tools/bin/../lib/gcc/arm-none-eabi/13.3.1/thumb/v7e-m+fp/hard/crtbegin.o

.data           0x20000000        0xc load address 0x0800608c
                0x20000000                        . = ALIGN (0x4)
                0x20000000                        _sdata = .
 *(.data)
 *(.data*)
 .data.SystemCoreClock
                0x20000000        0x4 ./Core/Src/system_stm32f4xx.o
                0x20000000                SystemCoreClock
 .data.uwTickPrio
                0x20000004        0x4 ./Drivers/STM32F4xx_HAL_Driver/Src/stm32f4xx_hal.o
                0x20000004                uwTickPrio
 .data.uwTickFreq
                0x20000008        0x1 ./Drivers/STM32F4xx_HAL_Driver/Src/stm32f4xx_hal.o
                0x20000008                uwTickFreq
 *fill*         0x20000009        0x1 
 .data.waitTimeoutMS.1
                0x2000000a        0x2 ./Library/microtbx-modbus/tbxmb_event.o
 *(.RamFunc)
 *(.RamFunc*)
                0x2000000c                        . = ALIGN (0x4)
                0x2000000c                        _edata = .
                0x08006098                        _siccmram = LOADADDR (.ccmram)

.igot.plt       0x2000000c        0x0 load address 0x08006098
 .igot.plt      0x2000000c        0x0 C:/ST/STM32CubeIDE_1.16.1/STM32CubeIDE/plugins/com.st.stm32cube.ide.mcu.externaltools.gnu-tools-for-stm32.13.3.rel1.win32_1.0.0.202411081344/tools/bin/../lib/gcc/arm-none-eabi/13.3.1/thumb/v7e-m+fp/hard/crtbegin.o

.ccmram         0x10000000        0x0 load address 0x08006098
                0x10000000                        . = ALIGN (0x4)
                0x10000000                        _sccmram = .
 *(.ccmram)
 *(.ccmram*)
                0x10000000                        . = ALIGN (0x4)
                0x10000000                        _eccmram = .
                0x10000000                        . = ALIGN (0x4)

.bss            0x2000000c      0xa48
                0x2000000c                        _sbss = .
                0x2000000c                        __bss_start__ = _sbss
 *(.bss)
 .bss           0x2000000c       0x1c C:/ST/STM32CubeIDE_1.16.1/STM32CubeIDE/plugins/com.st.stm32cube.ide.mcu.externaltools.gnu-tools-for-stm32.13.3.rel1.win32_1.0.0.202411081344/tools/bin/../lib/gcc/arm-none-eabi/13.3.1/thumb/v7e-m+fp/hard/crtbegin.o
 *(.bss*)
 .bss.htim10    0x20000028       0x48 ./Core/Src/main.o
                0x20000028                htim10
 .bss.huart2    0x20000070       0x48 ./Core/Src/main.o
                0x20000070                huart2
 .bss.modbusTp  0x200000b8        0x4 ./Core/Src/main.o
                0x200000b8                modbusTp
 .bss.modbusServer
                0x200000bc        0x4 ./Core/Src/main.o
                0x200000bc                modbusServer
 .bss.uwTick    0x200000c0        0x4 ./Drivers/STM32F4xx_HAL_Driver/Src/stm32f4xx_hal.o
                0x200000c0                uwTick
 .bss.tbxAssertHandlerPtr
                0x200000c4        0x4 ./Library/microtbx/tbx_assert.o
 .bss.tbxCritSectNestingCounter
                0x200000c8        0x4 ./Library/microtbx/tbx_critsect.o
 .bss.tbxCritSectCpuSR
                0x200000cc        0x4 ./Library/microtbx/tbx_critsect.o
 .bss.tbxHeapAllocated
                0x200000d0        0x4 ./Library/microtbx/tbx_heap.o
 .bss.tbxHeapBuffer.0
                0x200000d4      0x800 ./Library/microtbx/tbx_heap.o
 .bss.memPoolsCreated.0
                0x200008d4        0x1 ./Library/microtbx/tbx_list.o
 *fill*         0x200008d5        0x3 
 .bss.tbxPoolList
                0x200008d8        0x4 ./Library/microtbx/tbx_mempool.o
 .bss.pollerListInitialized.3
                0x200008dc        0x1 ./Library/microtbx-modbus/tbxmb_event.o
 *fill*         0x200008dd        0x3 
 .bss.pollerList.2
                0x200008e0        0x4 ./Library/microtbx-modbus/tbxmb_event.o
 .bss.rxByte    0x200008e4        0x1 ./Library/microtbx-modbus/tbxmb_port.o
 .bss.counterStarted.0
                0x200008e5        0x1 ./Library/microtbx-modbus/tbxmb_port.o
 *fill*         0x200008e6        0x2 
 .bss.tbxMbRtuCtx
                0x200008e8       0x20 ./Library/microtbx-modbus/tbxmb_rtu.o
 .bss.eventQueue
                0x20000908      0x108 ./Library/microtbx-modbus/tbxmb_superloop.o
 .bss.osalInitialized.0
                0x20000a10        0x1 ./Library/microtbx-modbus/tbxmb_superloop.o
 *fill*         0x20000a11        0x3 
 .bss.uartInfo  0x20000a14       0x40 ./Library/microtbx-modbus/tbxmb_uart.o
 *(COMMON)
                0x20000a54                        . = ALIGN (0x4)
                0x20000a54                        _ebss = .
                0x20000a54                        __bss_end__ = _ebss

._user_heap_stack
                0x20000a54      0x604
                0x20000a58                        . = ALIGN (0x8)
 *fill*         0x20000a54        0x4 
                [!provide]                        PROVIDE (end = .)
                0x20000a58                        PROVIDE (_end = .)
                0x20000c58                        . = (. + _Min_Heap_Size)
 *fill*         0x20000a58      0x200 
                0x20001058                        . = (. + _Min_Stack_Size)
 *fill*         0x20000c58      0x400 
                0x20001058                        . = ALIGN (0x8)

/DISCARD/
 libc.a(*)
 libm.a(*)
 libgcc.a(*)

.ARM.attributes
                0x00000000       0x30
 *(.ARM.attributes)
 .ARM.attributes
                0x00000000       0x22 C:/ST/STM32CubeIDE_1.16.1/STM32CubeIDE/plugins/com.st.stm32cube.ide.mcu.externaltools.gnu-tools-for-stm32.13.3.rel1.win32_1.0.0.202411081344/tools/bin/../lib/gcc/arm-none-eabi/13.3.1/thumb/v7e-m+fp/hard/crti.o
 .ARM.attributes
                0x00000022       0x34 C:/ST/STM32CubeIDE_1.16.1/STM32CubeIDE/plugins/com.st.stm32cube.ide.mcu.externaltools.gnu-tools-for-stm32.13.3.rel1.win32_1.0.0.202411081344/tools/bin/../lib/gcc/arm-none-eabi/13.3.1/thumb/v7e-m+fp/hard/crtbegin.o
 .ARM.attributes
                0x00000056       0x34 ./Core/Src/main.o
 .ARM.attributes
                0x0000008a       0x34 ./Core/Src/stm32f4xx_hal_msp.o
 .ARM.attributes
                0x000000be       0x34 ./Core/Src/stm32f4xx_it.o
 .ARM.attributes
                0x000000f2       0x34 ./Core/Src/system_stm32f4xx.o
 .ARM.attributes
                0x00000126       0x21 ./Core/Startup/startup_stm32f407vgtx.o
 .ARM.attributes
                0x00000147       0x34 ./Drivers/STM32F4xx_HAL_Driver/Src/stm32f4xx_hal.o
 .ARM.attributes
                0x0000017b       0x34 ./Drivers/STM32F4xx_HAL_Driver/Src/stm32f4xx_hal_cortex.o
 .ARM.attributes
                0x000001af       0x34 ./Drivers/STM32F4xx_HAL_Driver/Src/stm32f4xx_hal_dma.o
 .ARM.attributes
                0x000001e3       0x34 ./Drivers/STM32F4xx_HAL_Driver/Src/stm32f4xx_hal_gpio.o
 .ARM.attributes
                0x00000217       0x34 ./Drivers/STM32F4xx_HAL_Driver/Src/stm32f4xx_hal_rcc.o
 .ARM.attributes
                0x0000024b       0x34 ./Drivers/STM32F4xx_HAL_Driver/Src/stm32f4xx_hal_tim.o
 .ARM.attributes
                0x0000027f       0x34 ./Drivers/STM32F4xx_HAL_Driver/Src/stm32f4xx_hal_uart.o
 .ARM.attributes
                0x000002b3       0x34 ./Library/microtbx/tbx_assert.o
 .ARM.attributes
                0x000002e7       0x20 ./Library/microtbx/tbx_comp.o
 .ARM.attributes
                0x00000307       0x34 ./Library/microtbx/tbx_critsect.o
 .ARM.attributes
                0x0000033b       0x34 ./Library/microtbx/tbx_heap.o
 .ARM.attributes
                0x0000036f       0x34 ./Library/microtbx/tbx_list.o
 .ARM.attributes
                0x000003a3       0x34 ./Library/microtbx/tbx_mempool.o
 .ARM.attributes
                0x000003d7       0x34 ./Library/microtbx-modbus/tbxmb_event.o
 .ARM.attributes
                0x0000040b       0x34 ./Library/microtbx-modbus/tbxmb_port.o
 .ARM.attributes
                0x0000043f       0x34 ./Library/microtbx-modbus/tbxmb_rtu.o
 .ARM.attributes
                0x00000473       0x34 ./Library/microtbx-modbus/tbxmb_server.o
 .ARM.attributes
                0x000004a7       0x34 ./Library/microtbx-modbus/tbxmb_superloop.o
 .ARM.attributes
                0x000004db       0x34 ./Library/microtbx-modbus/tbxmb_uart.o
 .ARM.attributes
                0x0000050f       0x34 C:/ST/STM32CubeIDE_1.16.1/STM32CubeIDE/plugins/com.st.stm32cube.ide.mcu.externaltools.gnu-tools-for-stm32.13.3.rel1.win32_1.0.0.202411081344/tools/bin/../lib/gcc/arm-none-eabi/13.3.1/../../../../arm-none-eabi/lib/thumb/v7e-m+fp/hard\libc_nano.a(libc_a-memset.o)
 .ARM.attributes
                0x00000543       0x34 C:/ST/STM32CubeIDE_1.16.1/STM32CubeIDE/plugins/com.st.stm32cube.ide.mcu.externaltools.gnu-tools-for-stm32.13.3.rel1.win32_1.0.0.202411081344/tools/bin/../lib/gcc/arm-none-eabi/13.3.1/../../../../arm-none-eabi/lib/thumb/v7e-m+fp/hard\libc_nano.a(libc_a-init.o)
 .ARM.attributes
                0x00000577       0x22 C:/ST/STM32CubeIDE_1.16.1/STM32CubeIDE/plugins/com.st.stm32cube.ide.mcu.externaltools.gnu-tools-for-stm32.13.3.rel1.win32_1.0.0.202411081344/tools/bin/../lib/gcc/arm-none-eabi/13.3.1/thumb/v7e-m+fp/hard\libgcc.a(_aeabi_uldivmod.o)
 .ARM.attributes
                0x00000599       0x34 C:/ST/STM32CubeIDE_1.16.1/STM32CubeIDE/plugins/com.st.stm32cube.ide.mcu.externaltools.gnu-tools-for-stm32.13.3.rel1.win32_1.0.0.202411081344/tools/bin/../lib/gcc/arm-none-eabi/13.3.1/thumb/v7e-m+fp/hard\libgcc.a(_udivmoddi4.o)
 .ARM.attributes
                0x000005cd       0x22 C:/ST/STM32CubeIDE_1.16.1/STM32CubeIDE/plugins/com.st.stm32cube.ide.mcu.externaltools.gnu-tools-for-stm32.13.3.rel1.win32_1.0.0.202411081344/tools/bin/../lib/gcc/arm-none-eabi/13.3.1/thumb/v7e-m+fp/hard\libgcc.a(_dvmd_tls.o)
 .ARM.attributes
                0x000005ef       0x22 C:/ST/STM32CubeIDE_1.16.1/STM32CubeIDE/plugins/com.st.stm32cube.ide.mcu.externaltools.gnu-tools-for-stm32.13.3.rel1.win32_1.0.0.202411081344/tools/bin/../lib/gcc/arm-none-eabi/13.3.1/thumb/v7e-m+fp/hard/crtn.o
OUTPUT(Modebus_drivercustom_convert.elf elf32-littlearm)
LOAD linker stubs
LOAD C:/ST/STM32CubeIDE_1.16.1/STM32CubeIDE/plugins/com.st.stm32cube.ide.mcu.externaltools.gnu-tools-for-stm32.13.3.rel1.win32_1.0.0.202411081344/tools/bin/../lib/gcc/arm-none-eabi/13.3.1/../../../../arm-none-eabi/lib/thumb/v7e-m+fp/hard\libc.a
LOAD C:/ST/STM32CubeIDE_1.16.1/STM32CubeIDE/plugins/com.st.stm32cube.ide.mcu.externaltools.gnu-tools-for-stm32.13.3.rel1.win32_1.0.0.202411081344/tools/bin/../lib/gcc/arm-none-eabi/13.3.1/../../../../arm-none-eabi/lib/thumb/v7e-m+fp/hard\libm.a
LOAD C:/ST/STM32CubeIDE_1.16.1/STM32CubeIDE/plugins/com.st.stm32cube.ide.mcu.externaltools.gnu-tools-for-stm32.13.3.rel1.win32_1.0.0.202411081344/tools/bin/../lib/gcc/arm-none-eabi/13.3.1/thumb/v7e-m+fp/hard\libgcc.a

.debug_info     0x00000000     0xfe8c
 .debug_info    0x00000000     0x1181 ./Core/Src/main.o
 .debug_info    0x00001181      0xf36 ./Core/Src/stm32f4xx_hal_msp.o
 .debug_info    0x000020b7      0x639 ./Core/Src/stm32f4xx_it.o
 .debug_info    0x000026f0      0x512 ./Core/Src/system_stm32f4xx.o
 .debug_info    0x00002c02       0x30 ./Core/Startup/startup_stm32f407vgtx.o
 .debug_info    0x00002c32      0x944 ./Drivers/STM32F4xx_HAL_Driver/Src/stm32f4xx_hal.o
 .debug_info    0x00003576      0xd8c ./Drivers/STM32F4xx_HAL_Driver/Src/stm32f4xx_hal_cortex.o
 .debug_info    0x00004302      0x8e7 ./Drivers/STM32F4xx_HAL_Driver/Src/stm32f4xx_hal_dma.o
 .debug_info    0x00004be9      0x6c3 ./Drivers/STM32F4xx_HAL_Driver/Src/stm32f4xx_hal_gpio.o
 .debug_info    0x000052ac      0x8c3 ./Drivers/STM32F4xx_HAL_Driver/Src/stm32f4xx_hal_rcc.o
 .debug_info    0x00005b6f     0x299d ./Drivers/STM32F4xx_HAL_Driver/Src/stm32f4xx_hal_tim.o
 .debug_info    0x0000850c     0x2f4f ./Drivers/STM32F4xx_HAL_Driver/Src/stm32f4xx_hal_uart.o
 .debug_info    0x0000b45b      0x12d ./Library/microtbx/tbx_assert.o
 .debug_info    0x0000b588       0x24 ./Library/microtbx/tbx_comp.o
 .debug_info    0x0000b5ac      0x147 ./Library/microtbx/tbx_critsect.o
 .debug_info    0x0000b6f3      0x1a2 ./Library/microtbx/tbx_heap.o
 .debug_info    0x0000b895      0x702 ./Library/microtbx/tbx_list.o
 .debug_info    0x0000bf97      0x6f6 ./Library/microtbx/tbx_mempool.o
 .debug_info    0x0000c68d      0x3e8 ./Library/microtbx-modbus/tbxmb_event.o
 .debug_info    0x0000ca75      0xbc9 ./Library/microtbx-modbus/tbxmb_port.o
 .debug_info    0x0000d63e      0xe35 ./Library/microtbx-modbus/tbxmb_rtu.o
 .debug_info    0x0000e473     0x1148 ./Library/microtbx-modbus/tbxmb_server.o
 .debug_info    0x0000f5bb      0x4b6 ./Library/microtbx-modbus/tbxmb_superloop.o
 .debug_info    0x0000fa71      0x41b ./Library/microtbx-modbus/tbxmb_uart.o

.debug_abbrev   0x00000000     0x2aaa
 .debug_abbrev  0x00000000      0x2bf ./Core/Src/main.o
 .debug_abbrev  0x000002bf      0x1fb ./Core/Src/stm32f4xx_hal_msp.o
 .debug_abbrev  0x000004ba      0x175 ./Core/Src/stm32f4xx_it.o
 .debug_abbrev  0x0000062f      0x11a ./Core/Src/system_stm32f4xx.o
 .debug_abbrev  0x00000749       0x24 ./Core/Startup/startup_stm32f407vgtx.o
 .debug_abbrev  0x0000076d      0x214 ./Drivers/STM32F4xx_HAL_Driver/Src/stm32f4xx_hal.o
 .debug_abbrev  0x00000981      0x31d ./Drivers/STM32F4xx_HAL_Driver/Src/stm32f4xx_hal_cortex.o
 .debug_abbrev  0x00000c9e      0x264 ./Drivers/STM32F4xx_HAL_Driver/Src/stm32f4xx_hal_dma.o
 .debug_abbrev  0x00000f02      0x1d4 ./Drivers/STM32F4xx_HAL_Driver/Src/stm32f4xx_hal_gpio.o
 .debug_abbrev  0x000010d6      0x2b7 ./Drivers/STM32F4xx_HAL_Driver/Src/stm32f4xx_hal_rcc.o
 .debug_abbrev  0x0000138d      0x278 ./Drivers/STM32F4xx_HAL_Driver/Src/stm32f4xx_hal_tim.o
 .debug_abbrev  0x00001605      0x30e ./Drivers/STM32F4xx_HAL_Driver/Src/stm32f4xx_hal_uart.o
 .debug_abbrev  0x00001913       0xb3 ./Library/microtbx/tbx_assert.o
 .debug_abbrev  0x000019c6       0x14 ./Library/microtbx/tbx_comp.o
 .debug_abbrev  0x000019da       0xc7 ./Library/microtbx/tbx_critsect.o
 .debug_abbrev  0x00001aa1       0xde ./Library/microtbx/tbx_heap.o
 .debug_abbrev  0x00001b7f      0x1dc ./Library/microtbx/tbx_list.o
 .debug_abbrev  0x00001d5b      0x1b1 ./Library/microtbx/tbx_mempool.o
 .debug_abbrev  0x00001f0c      0x149 ./Library/microtbx-modbus/tbxmb_event.o
 .debug_abbrev  0x00002055      0x211 ./Library/microtbx-modbus/tbxmb_port.o
 .debug_abbrev  0x00002266      0x271 ./Library/microtbx-modbus/tbxmb_rtu.o
 .debug_abbrev  0x000024d7      0x244 ./Library/microtbx-modbus/tbxmb_server.o
 .debug_abbrev  0x0000271b      0x223 ./Library/microtbx-modbus/tbxmb_superloop.o
 .debug_abbrev  0x0000293e      0x16c ./Library/microtbx-modbus/tbxmb_uart.o

.debug_aranges  0x00000000      0xe80
 .debug_aranges
                0x00000000       0x50 ./Core/Src/main.o
 .debug_aranges
                0x00000050       0x40 ./Core/Src/stm32f4xx_hal_msp.o
 .debug_aranges
                0x00000090       0x68 ./Core/Src/stm32f4xx_it.o
 .debug_aranges
                0x000000f8       0x28 ./Core/Src/system_stm32f4xx.o
 .debug_aranges
                0x00000120       0x28 ./Core/Startup/startup_stm32f407vgtx.o
 .debug_aranges
                0x00000148       0xf0 ./Drivers/STM32F4xx_HAL_Driver/Src/stm32f4xx_hal.o
 .debug_aranges
                0x00000238      0x130 ./Drivers/STM32F4xx_HAL_Driver/Src/stm32f4xx_hal_cortex.o
 .debug_aranges
                0x00000368       0x90 ./Drivers/STM32F4xx_HAL_Driver/Src/stm32f4xx_hal_dma.o
 .debug_aranges
                0x000003f8       0x58 ./Drivers/STM32F4xx_HAL_Driver/Src/stm32f4xx_hal_gpio.o
 .debug_aranges
                0x00000450       0x88 ./Drivers/STM32F4xx_HAL_Driver/Src/stm32f4xx_hal_rcc.o
 .debug_aranges
                0x000004d8      0x3d0 ./Drivers/STM32F4xx_HAL_Driver/Src/stm32f4xx_hal_tim.o
 .debug_aranges
                0x000008a8      0x208 ./Drivers/STM32F4xx_HAL_Driver/Src/stm32f4xx_hal_uart.o
 .debug_aranges
                0x00000ab0       0x28 ./Library/microtbx/tbx_assert.o
 .debug_aranges
                0x00000ad8       0x20 ./Library/microtbx/tbx_comp.o
 .debug_aranges
                0x00000af8       0x28 ./Library/microtbx/tbx_critsect.o
 .debug_aranges
                0x00000b20       0x28 ./Library/microtbx/tbx_heap.o
 .debug_aranges
                0x00000b48       0x98 ./Library/microtbx/tbx_list.o
 .debug_aranges
                0x00000be0       0x88 ./Library/microtbx/tbx_mempool.o
 .debug_aranges
                0x00000c68       0x20 ./Library/microtbx-modbus/tbxmb_event.o
 .debug_aranges
                0x00000c88       0x40 ./Library/microtbx-modbus/tbxmb_port.o
 .debug_aranges
                0x00000cc8       0x70 ./Library/microtbx-modbus/tbxmb_rtu.o
 .debug_aranges
                0x00000d38       0xc0 ./Library/microtbx-modbus/tbxmb_server.o
 .debug_aranges
                0x00000df8       0x50 ./Library/microtbx-modbus/tbxmb_superloop.o
 .debug_aranges
                0x00000e48       0x38 ./Library/microtbx-modbus/tbxmb_uart.o

.debug_rnglists
                0x00000000      0xc37
 .debug_rnglists
                0x00000000       0x39 ./Core/Src/main.o
 .debug_rnglists
                0x00000039       0x2c ./Core/Src/stm32f4xx_hal_msp.o
 .debug_rnglists
                0x00000065       0x49 ./Core/Src/stm32f4xx_it.o
 .debug_rnglists
                0x000000ae       0x1a ./Core/Src/system_stm32f4xx.o
 .debug_rnglists
                0x000000c8       0x19 ./Core/Startup/startup_stm32f407vgtx.o
 .debug_rnglists
                0x000000e1       0xaf ./Drivers/STM32F4xx_HAL_Driver/Src/stm32f4xx_hal.o
 .debug_rnglists
                0x00000190       0xe0 ./Drivers/STM32F4xx_HAL_Driver/Src/stm32f4xx_hal_cortex.o
 .debug_rnglists
                0x00000270       0x70 ./Drivers/STM32F4xx_HAL_Driver/Src/stm32f4xx_hal_dma.o
 .debug_rnglists
                0x000002e0       0x3f ./Drivers/STM32F4xx_HAL_Driver/Src/stm32f4xx_hal_gpio.o
 .debug_rnglists
                0x0000031f       0x66 ./Drivers/STM32F4xx_HAL_Driver/Src/stm32f4xx_hal_rcc.o
 .debug_rnglists
                0x00000385      0x31a ./Drivers/STM32F4xx_HAL_Driver/Src/stm32f4xx_hal_tim.o
 .debug_rnglists
                0x0000069f      0x1bc ./Drivers/STM32F4xx_HAL_Driver/Src/stm32f4xx_hal_uart.o
 .debug_rnglists
                0x0000085b       0x19 ./Library/microtbx/tbx_assert.o
 .debug_rnglists
                0x00000874       0x19 ./Library/microtbx/tbx_critsect.o
 .debug_rnglists
                0x0000088d       0x19 ./Library/microtbx/tbx_heap.o
 .debug_rnglists
                0x000008a6       0x75 ./Library/microtbx/tbx_list.o
 .debug_rnglists
                0x0000091b       0x65 ./Library/microtbx/tbx_mempool.o
 .debug_rnglists
                0x00000980       0x14 ./Library/microtbx-modbus/tbxmb_event.o
 .debug_rnglists
                0x00000994       0x2b ./Library/microtbx-modbus/tbxmb_port.o
 .debug_rnglists
                0x000009bf       0x9a ./Library/microtbx-modbus/tbxmb_rtu.o
 .debug_rnglists
                0x00000a59      0x17e ./Library/microtbx-modbus/tbxmb_server.o
 .debug_rnglists
                0x00000bd7       0x3a ./Library/microtbx-modbus/tbxmb_superloop.o
 .debug_rnglists
                0x00000c11       0x26 ./Library/microtbx-modbus/tbxmb_uart.o

.debug_macro    0x00000000    0x2118f
 .debug_macro   0x00000000      0x2c7 ./Core/Src/main.o
 .debug_macro   0x000002c7      0xad8 ./Core/Src/main.o
 .debug_macro   0x00000d9f      0x29b ./Core/Src/main.o
 .debug_macro   0x0000103a       0x2e ./Core/Src/main.o
 .debug_macro   0x00001068       0x2f ./Core/Src/main.o
 .debug_macro   0x00001097       0x22 ./Core/Src/main.o
 .debug_macro   0x000010b9       0x8e ./Core/Src/main.o
 .debug_macro   0x00001147       0x51 ./Core/Src/main.o
 .debug_macro   0x00001198      0x103 ./Core/Src/main.o
 .debug_macro   0x0000129b       0x6a ./Core/Src/main.o
 .debug_macro   0x00001305      0x1df ./Core/Src/main.o
 .debug_macro   0x000014e4       0x1c ./Core/Src/main.o
 .debug_macro   0x00001500       0x22 ./Core/Src/main.o
 .debug_macro   0x00001522       0xfb ./Core/Src/main.o
 .debug_macro   0x0000161d     0x1011 ./Core/Src/main.o
 .debug_macro   0x0000262e      0x11f ./Core/Src/main.o
 .debug_macro   0x0000274d    0x15ea5 ./Core/Src/main.o
 .debug_macro   0x000185f2       0x6d ./Core/Src/main.o
 .debug_macro   0x0001865f     0x3693 ./Core/Src/main.o
 .debug_macro   0x0001bcf2      0x190 ./Core/Src/main.o
 .debug_macro   0x0001be82       0x5c ./Core/Src/main.o
 .debug_macro   0x0001bede      0x980 ./Core/Src/main.o
 .debug_macro   0x0001c85e      0x9e9 ./Core/Src/main.o
 .debug_macro   0x0001d247      0x115 ./Core/Src/main.o
 .debug_macro   0x0001d35c      0x13e ./Core/Src/main.o
 .debug_macro   0x0001d49a       0xa5 ./Core/Src/main.o
 .debug_macro   0x0001d53f      0x174 ./Core/Src/main.o
 .debug_macro   0x0001d6b3      0x287 ./Core/Src/main.o
 .debug_macro   0x0001d93a       0x5f ./Core/Src/main.o
 .debug_macro   0x0001d999      0x236 ./Core/Src/main.o
 .debug_macro   0x0001dbcf      0x12c ./Core/Src/main.o
 .debug_macro   0x0001dcfb      0x21e ./Core/Src/main.o
 .debug_macro   0x0001df19       0x2e ./Core/Src/main.o
 .debug_macro   0x0001df47      0x127 ./Core/Src/main.o
 .debug_macro   0x0001e06e       0x7e ./Core/Src/main.o
 .debug_macro   0x0001e0ec       0x89 ./Core/Src/main.o
 .debug_macro   0x0001e175      0x8ed ./Core/Src/main.o
 .debug_macro   0x0001ea62       0x4d ./Core/Src/main.o
 .debug_macro   0x0001eaaf      0x2aa ./Core/Src/main.o
 .debug_macro   0x0001ed59      0x12d ./Core/Src/main.o
 .debug_macro   0x0001ee86       0x58 ./Core/Src/main.o
 .debug_macro   0x0001eede       0x16 ./Core/Src/main.o
 .debug_macro   0x0001eef4       0x10 ./Core/Src/main.o
 .debug_macro   0x0001ef04       0x40 ./Core/Src/main.o
 .debug_macro   0x0001ef44       0x88 ./Core/Src/main.o
 .debug_macro   0x0001efcc       0x2e ./Core/Src/main.o
 .debug_macro   0x0001effa       0x16 ./Core/Src/main.o
 .debug_macro   0x0001f010      0x1dd ./Core/Src/stm32f4xx_hal_msp.o
 .debug_macro   0x0001f1ed      0x1e7 ./Core/Src/stm32f4xx_it.o
 .debug_macro   0x0001f3d4      0x1ce ./Core/Src/system_stm32f4xx.o
 .debug_macro   0x0001f5a2      0x22e ./Drivers/STM32F4xx_HAL_Driver/Src/stm32f4xx_hal.o
 .debug_macro   0x0001f7d0      0x1ce ./Drivers/STM32F4xx_HAL_Driver/Src/stm32f4xx_hal_cortex.o
 .debug_macro   0x0001f99e      0x1d4 ./Drivers/STM32F4xx_HAL_Driver/Src/stm32f4xx_hal_dma.o
 .debug_macro   0x0001fb72      0x1d4 ./Drivers/STM32F4xx_HAL_Driver/Src/stm32f4xx_hal_gpio.o
 .debug_macro   0x0001fd46      0x1f2 ./Drivers/STM32F4xx_HAL_Driver/Src/stm32f4xx_hal_rcc.o
 .debug_macro   0x0001ff38      0x1cf ./Drivers/STM32F4xx_HAL_Driver/Src/stm32f4xx_hal_tim.o
 .debug_macro   0x00020107      0x1cf ./Drivers/STM32F4xx_HAL_Driver/Src/stm32f4xx_hal_uart.o
 .debug_macro   0x000202d6       0xf1 ./Library/microtbx/tbx_assert.o
 .debug_macro   0x000203c7       0xf1 ./Library/microtbx/tbx_critsect.o
 .debug_macro   0x000204b8       0xf1 ./Library/microtbx/tbx_heap.o
 .debug_macro   0x000205a9       0xf1 ./Library/microtbx/tbx_list.o
 .debug_macro   0x0002069a       0xf1 ./Library/microtbx/tbx_mempool.o
 .debug_macro   0x0002078b      0x165 ./Library/microtbx-modbus/tbxmb_event.o
 .debug_macro   0x000208f0      0x2b8 ./Library/microtbx-modbus/tbxmb_port.o
 .debug_macro   0x00020ba8      0x1a2 ./Library/microtbx-modbus/tbxmb_rtu.o
 .debug_macro   0x00020d4a      0x17e ./Library/microtbx-modbus/tbxmb_server.o
 .debug_macro   0x00020ec8      0x16b ./Library/microtbx-modbus/tbxmb_superloop.o
 .debug_macro   0x00021033      0x15c ./Library/microtbx-modbus/tbxmb_uart.o

.debug_line     0x00000000    0x12417
 .debug_line    0x00000000      0xae9 ./Core/Src/main.o
 .debug_line    0x00000ae9      0x7cf ./Core/Src/stm32f4xx_hal_msp.o
 .debug_line    0x000012b8      0x80d ./Core/Src/stm32f4xx_it.o
 .debug_line    0x00001ac5      0x7bc ./Core/Src/system_stm32f4xx.o
 .debug_line    0x00002281       0x7a ./Core/Startup/startup_stm32f407vgtx.o
 .debug_line    0x000022fb      0xa38 ./Drivers/STM32F4xx_HAL_Driver/Src/stm32f4xx_hal.o
 .debug_line    0x00002d33      0xd08 ./Drivers/STM32F4xx_HAL_Driver/Src/stm32f4xx_hal_cortex.o
 .debug_line    0x00003a3b      0xfa4 ./Drivers/STM32F4xx_HAL_Driver/Src/stm32f4xx_hal_dma.o
 .debug_line    0x000049df      0xb90 ./Drivers/STM32F4xx_HAL_Driver/Src/stm32f4xx_hal_gpio.o
 .debug_line    0x0000556f      0xe45 ./Drivers/STM32F4xx_HAL_Driver/Src/stm32f4xx_hal_rcc.o
 .debug_line    0x000063b4     0x37ad ./Drivers/STM32F4xx_HAL_Driver/Src/stm32f4xx_hal_tim.o
 .debug_line    0x00009b61     0x2580 ./Drivers/STM32F4xx_HAL_Driver/Src/stm32f4xx_hal_uart.o
 .debug_line    0x0000c0e1      0x522 ./Library/microtbx/tbx_assert.o
 .debug_line    0x0000c603       0x4f ./Library/microtbx/tbx_comp.o
 .debug_line    0x0000c652      0x52f ./Library/microtbx/tbx_critsect.o
 .debug_line    0x0000cb81      0x540 ./Library/microtbx/tbx_heap.o
 .debug_line    0x0000d0c1      0xb6e ./Library/microtbx/tbx_list.o
 .debug_line    0x0000dc2f      0x98b ./Library/microtbx/tbx_mempool.o
 .debug_line    0x0000e5ba      0x6cf ./Library/microtbx-modbus/tbxmb_event.o
 .debug_line    0x0000ec89      0x99b ./Library/microtbx-modbus/tbxmb_port.o
 .debug_line    0x0000f624      0xc9d ./Library/microtbx-modbus/tbxmb_rtu.o
 .debug_line    0x000102c1     0x124a ./Library/microtbx-modbus/tbxmb_server.o
 .debug_line    0x0001150b      0x815 ./Library/microtbx-modbus/tbxmb_superloop.o
 .debug_line    0x00011d20      0x6f7 ./Library/microtbx-modbus/tbxmb_uart.o

.debug_str      0x00000000    0xc9472
 .debug_str     0x00000000    0xc9472 ./Core/Src/main.o
                              0xc54f3 (size before relaxing)
 .debug_str     0x000c9472    0xc4e4f ./Core/Src/stm32f4xx_hal_msp.o
 .debug_str     0x000c9472    0xc450a ./Core/Src/stm32f4xx_it.o
 .debug_str     0x000c9472    0xc405e ./Core/Src/system_stm32f4xx.o
 .debug_str     0x000c9472       0xaa ./Core/Startup/startup_stm32f407vgtx.o
 .debug_str     0x000c9472    0xc4be2 ./Drivers/STM32F4xx_HAL_Driver/Src/stm32f4xx_hal.o
 .debug_str     0x000c9472    0xc495e ./Drivers/STM32F4xx_HAL_Driver/Src/stm32f4xx_hal_cortex.o
 .debug_str     0x000c9472    0xc4478 ./Drivers/STM32F4xx_HAL_Driver/Src/stm32f4xx_hal_dma.o
 .debug_str     0x000c9472    0xc41d9 ./Drivers/STM32F4xx_HAL_Driver/Src/stm32f4xx_hal_gpio.o
 .debug_str     0x000c9472    0xc4492 ./Drivers/STM32F4xx_HAL_Driver/Src/stm32f4xx_hal_rcc.o
 .debug_str     0x000c9472    0xc53e8 ./Drivers/STM32F4xx_HAL_Driver/Src/stm32f4xx_hal_tim.o
 .debug_str     0x000c9472    0xc4a73 ./Drivers/STM32F4xx_HAL_Driver/Src/stm32f4xx_hal_uart.o
 .debug_str     0x000c9472     0x4380 ./Library/microtbx/tbx_assert.o
 .debug_str     0x000c9472       0x93 ./Library/microtbx/tbx_comp.o
 .debug_str     0x000c9472     0x43d0 ./Library/microtbx/tbx_critsect.o
 .debug_str     0x000c9472     0x43d7 ./Library/microtbx/tbx_heap.o
 .debug_str     0x000c9472     0x463a ./Library/microtbx/tbx_list.o
 .debug_str     0x000c9472     0x4617 ./Library/microtbx/tbx_mempool.o
 .debug_str     0x000c9472     0x4b32 ./Library/microtbx-modbus/tbxmb_event.o
 .debug_str     0x000c9472    0xc50b4 ./Library/microtbx-modbus/tbxmb_port.o
 .debug_str     0x000c9472     0x5314 ./Library/microtbx-modbus/tbxmb_rtu.o
 .debug_str     0x000c9472     0x52d4 ./Library/microtbx-modbus/tbxmb_server.o
 .debug_str     0x000c9472     0x4bff ./Library/microtbx-modbus/tbxmb_superloop.o
 .debug_str     0x000c9472     0x4bfd ./Library/microtbx-modbus/tbxmb_uart.o

.comment        0x00000000       0x43
 .comment       0x00000000       0x43 ./Core/Src/main.o
                                 0x44 (size before relaxing)
 .comment       0x00000043       0x44 ./Core/Src/stm32f4xx_hal_msp.o
 .comment       0x00000043       0x44 ./Core/Src/stm32f4xx_it.o
 .comment       0x00000043       0x44 ./Core/Src/system_stm32f4xx.o
 .comment       0x00000043       0x44 ./Drivers/STM32F4xx_HAL_Driver/Src/stm32f4xx_hal.o
 .comment       0x00000043       0x44 ./Drivers/STM32F4xx_HAL_Driver/Src/stm32f4xx_hal_cortex.o
 .comment       0x00000043       0x44 ./Drivers/STM32F4xx_HAL_Driver/Src/stm32f4xx_hal_dma.o
 .comment       0x00000043       0x44 ./Drivers/STM32F4xx_HAL_Driver/Src/stm32f4xx_hal_gpio.o
 .comment       0x00000043       0x44 ./Drivers/STM32F4xx_HAL_Driver/Src/stm32f4xx_hal_rcc.o
 .comment       0x00000043       0x44 ./Drivers/STM32F4xx_HAL_Driver/Src/stm32f4xx_hal_tim.o
 .comment       0x00000043       0x44 ./Drivers/STM32F4xx_HAL_Driver/Src/stm32f4xx_hal_uart.o
 .comment       0x00000043       0x44 ./Library/microtbx/tbx_assert.o
 .comment       0x00000043       0x44 ./Library/microtbx/tbx_critsect.o
 .comment       0x00000043       0x44 ./Library/microtbx/tbx_heap.o
 .comment       0x00000043       0x44 ./Library/microtbx/tbx_list.o
 .comment       0x00000043       0x44 ./Library/microtbx/tbx_mempool.o
 .comment       0x00000043       0x44 ./Library/microtbx-modbus/tbxmb_event.o
 .comment       0x00000043       0x44 ./Library/microtbx-modbus/tbxmb_port.o
 .comment       0x00000043       0x44 ./Library/microtbx-modbus/tbxmb_rtu.o
 .comment       0x00000043       0x44 ./Library/microtbx-modbus/tbxmb_server.o
 .comment       0x00000043       0x44 ./Library/microtbx-modbus/tbxmb_superloop.o
 .comment       0x00000043       0x44 ./Library/microtbx-modbus/tbxmb_uart.o

.debug_frame    0x00000000     0x39bc
 .debug_frame   0x00000000       0xf0 ./Core/Src/main.o
 .debug_frame   0x000000f0       0xcc ./Core/Src/stm32f4xx_hal_msp.o
 .debug_frame   0x000001bc      0x120 ./Core/Src/stm32f4xx_it.o
 .debug_frame   0x000002dc       0x58 ./Core/Src/system_stm32f4xx.o
 .debug_frame   0x00000334      0x374 ./Drivers/STM32F4xx_HAL_Driver/Src/stm32f4xx_hal.o
 .debug_frame   0x000006a8      0x508 ./Drivers/STM32F4xx_HAL_Driver/Src/stm32f4xx_hal_cortex.o
 .debug_frame   0x00000bb0      0x250 ./Drivers/STM32F4xx_HAL_Driver/Src/stm32f4xx_hal_dma.o
 .debug_frame   0x00000e00      0x14c ./Drivers/STM32F4xx_HAL_Driver/Src/stm32f4xx_hal_gpio.o
 .debug_frame   0x00000f4c      0x1f4 ./Drivers/STM32F4xx_HAL_Driver/Src/stm32f4xx_hal_rcc.o
 .debug_frame   0x00001140     0x11c0 ./Drivers/STM32F4xx_HAL_Driver/Src/stm32f4xx_hal_tim.o
 .debug_frame   0x00002300      0x954 ./Drivers/STM32F4xx_HAL_Driver/Src/stm32f4xx_hal_uart.o
 .debug_frame   0x00002c54       0x58 ./Library/microtbx/tbx_assert.o
 .debug_frame   0x00002cac       0x50 ./Library/microtbx/tbx_critsect.o
 .debug_frame   0x00002cfc       0x58 ./Library/microtbx/tbx_heap.o
 .debug_frame   0x00002d54      0x250 ./Library/microtbx/tbx_list.o
 .debug_frame   0x00002fa4      0x208 ./Library/microtbx/tbx_mempool.o
 .debug_frame   0x000031ac       0x34 ./Library/microtbx-modbus/tbxmb_event.o
 .debug_frame   0x000031e0       0xc4 ./Library/microtbx-modbus/tbxmb_port.o
 .debug_frame   0x000032a4      0x1a8 ./Library/microtbx-modbus/tbxmb_rtu.o
 .debug_frame   0x0000344c      0x314 ./Library/microtbx-modbus/tbxmb_server.o
 .debug_frame   0x00003760      0x10c ./Library/microtbx-modbus/tbxmb_superloop.o
 .debug_frame   0x0000386c       0xa4 ./Library/microtbx-modbus/tbxmb_uart.o
 .debug_frame   0x00003910       0x20 C:/ST/STM32CubeIDE_1.16.1/STM32CubeIDE/plugins/com.st.stm32cube.ide.mcu.externaltools.gnu-tools-for-stm32.13.3.rel1.win32_1.0.0.202411081344/tools/bin/../lib/gcc/arm-none-eabi/13.3.1/../../../../arm-none-eabi/lib/thumb/v7e-m+fp/hard\libc_nano.a(libc_a-memset.o)
 .debug_frame   0x00003930       0x2c C:/ST/STM32CubeIDE_1.16.1/STM32CubeIDE/plugins/com.st.stm32cube.ide.mcu.externaltools.gnu-tools-for-stm32.13.3.rel1.win32_1.0.0.202411081344/tools/bin/../lib/gcc/arm-none-eabi/13.3.1/../../../../arm-none-eabi/lib/thumb/v7e-m+fp/hard\libc_nano.a(libc_a-init.o)
 .debug_frame   0x0000395c       0x2c C:/ST/STM32CubeIDE_1.16.1/STM32CubeIDE/plugins/com.st.stm32cube.ide.mcu.externaltools.gnu-tools-for-stm32.13.3.rel1.win32_1.0.0.202411081344/tools/bin/../lib/gcc/arm-none-eabi/13.3.1/thumb/v7e-m+fp/hard\libgcc.a(_aeabi_uldivmod.o)
 .debug_frame   0x00003988       0x34 C:/ST/STM32CubeIDE_1.16.1/STM32CubeIDE/plugins/com.st.stm32cube.ide.mcu.externaltools.gnu-tools-for-stm32.13.3.rel1.win32_1.0.0.202411081344/tools/bin/../lib/gcc/arm-none-eabi/13.3.1/thumb/v7e-m+fp/hard\libgcc.a(_udivmoddi4.o)

.debug_line_str
                0x00000000       0xad
 .debug_line_str
                0x00000000       0xad ./Core/Startup/startup_stm32f407vgtx.o
                                 0x8e (size before relaxing)
 .debug_line_str
                0x000000ad       0x85 ./Library/microtbx/tbx_comp.o
